[2026-05-28 19:33:24] 
================================================================================
Utilities loaded
================================================================================
[2026-05-28 19:33:24] 
================================================================================
Cell | Download data and manifest
================================================================================
[2026-05-28 19:33:24] [DOWNLOAD] preprocessed audio dataset -> /workspace/hubert_finetune/data/dataset_download.zip
[2026-05-28 19:41:35] 
================================================================================
Utilities loaded
================================================================================
[2026-05-28 19:41:35] 
================================================================================
Cell | Download data and manifest
================================================================================
[2026-05-28 19:41:35] [DOWNLOAD] preprocessed audio dataset -> /workspace/hubert_finetune/data/dataset_download.zip
[2026-05-28 19:42:47] [DONE] preprocessed audio dataset: /workspace/hubert_finetune/data/dataset_download.zip (4070.71 MB)
[2026-05-28 19:42:47] [EXTRACT] ZIP /workspace/hubert_finetune/data/dataset_download.zip -> /workspace/hubert_finetune/data
[2026-05-28 19:43:33] [DONE] ZIP extraction
[2026-05-28 19:43:33] [DOWNLOAD] manifest_strict.csv -> /workspace/hubert_finetune/data/manifest_strict.csv
[2026-05-28 19:43:35] [DONE] manifest_strict.csv: /workspace/hubert_finetune/data/manifest_strict.csv (2.14 MB)
[2026-05-28 19:43:35] Data directory after download/extract:
[2026-05-28 19:43:35] - .dataset_extracted_from_zip
[2026-05-28 19:43:35] - dataset_download.zip
[2026-05-28 19:43:35] - manifest_strict.csv
[2026-05-28 19:43:35] - preprocessed_full
[2026-05-28 19:43:35] 
================================================================================
Cell | Prepare manifest_strict_vast.csv and audit split
================================================================================
[2026-05-28 19:43:36] Audio dir candidates:
[2026-05-28 19:43:36] - /workspace/hubert_finetune/data/preprocessed_full | wav_count=10000
[2026-05-28 19:43:36] Selected AUDIO_DIR: /workspace/hubert_finetune/data/preprocessed_full
[2026-05-28 19:43:36] Indexed wav files: 10000
[2026-05-28 19:43:37] Saved manifest: /workspace/hubert_finetune/data/manifest_strict_vast.csv | rows=9974
[2026-05-28 19:43:37] 
================================================================================
Cell | Load manifest and create sanity subset
================================================================================
[2026-05-28 19:43:37] sanity train/val/test: 64 / 32 / 32
[2026-05-28 19:43:37] 
================================================================================
Cell | Dataset and DataLoader
================================================================================
[2026-05-28 19:43:38] Batch input_values: (8, 240000) | y: (8, 5) | first clip: LGdzP-r_G3U.004
[2026-05-28 19:43:38] 
================================================================================
Cell | HuBERT + LoRA + regression head
================================================================================
[2026-05-28 19:43:44] Total params: 94,864,773
[2026-05-28 19:43:44] Trainable params: 493,061 (0.5198%)
[2026-05-28 19:43:45] Forward output shape: (8, 5)
[2026-05-28 19:43:46] 
================================================================================
Cell | Metrics
================================================================================
[2026-05-28 19:43:46] 
================================================================================
Cell | Plot helpers
================================================================================
[2026-05-28 19:43:46] 
================================================================================
Cell | Predict and evaluate
================================================================================
[2026-05-28 19:43:46] 
================================================================================
Cell | Optimizer, scheduler, checkpoint, train epoch
================================================================================
[2026-05-28 19:43:46] 
================================================================================
Cell | Single run training function
================================================================================
[2026-05-28 19:43:46] 
================================================================================
Cell | Optuna search space and objective
================================================================================
[2026-05-28 19:43:47] 
================================================================================
Cell | Run Optuna
================================================================================
[2026-05-28 19:43:48] Study loaded: hubert_lora_sanity_optuna | total_trials_before=0 | complete_before=0 | remaining=1
[2026-05-28 19:43:48] [OPTUNA] trial_001 start | hp={'learning_rate': 0.00013410758562377848, 'r': 8, 'lora_alpha': 32, 'lora_dropout': 0.15, 'weight_decay': 0.0018958594997496498, 'warmup_ratio': 0.0}
[2026-05-28 19:43:49] [trial_001] START | seed=42 | hp={'learning_rate': 0.00013410758562377848, 'r': 8, 'lora_alpha': 32, 'lora_dropout': 0.15, 'weight_decay': 0.0018958594997496498, 'warmup_ratio': 0.0}
[2026-05-28 19:43:53] [trial_001] epoch=001 | train_loss=0.123741 | val_MAE=0.125405 | val_S=0.874595 | best_S=0.874595 @epoch=1 | patience=0/2
[2026-05-28 19:43:55] [trial_001] epoch=002 | train_loss=0.122113 | val_MAE=0.125081 | val_S=0.874919 | best_S=0.874919 @epoch=2 | patience=0/2
[2026-05-28 19:44:01] [trial_001] DONE | best_epoch=2 | best_val_S=0.874919 | test_MAE=nan | test_R2=nan
[2026-05-28 19:44:02] [OPTUNA] trial_001 done | best_val_S=0.874919
[2026-05-28 19:44:03] Best trial: #0 | value=0.874919 | params={'learning_rate': 0.00013410758562377848, 'r': 8, 'lora_alpha': 32, 'lora_dropout': 0.15, 'weight_decay': 0.0018958594997496498, 'warmup_ratio': 0.0}
[2026-05-28 19:44:03] 
================================================================================
Cell | Save Optuna study results
================================================================================
[2026-05-28 19:44:04] Parameter importance skipped: ValueError('Cannot evaluate parameter importances with only a single trial.')
[2026-05-28 19:44:04] BEST_HP: {'learning_rate': 0.00013410758562377848, 'r': 8, 'lora_alpha': 32, 'lora_dropout': 0.15, 'weight_decay': 0.0018958594997496498, 'warmup_ratio': 0.0}
[2026-05-28 19:44:04] 
================================================================================
Cell | Final runs
================================================================================
[2026-05-28 19:44:04] [FINAL] start run_01_seed_042
[2026-05-28 19:44:05] [run_01_seed_042] START | seed=42 | hp={'learning_rate': 0.00013410758562377848, 'r': 8, 'lora_alpha': 32, 'lora_dropout': 0.15, 'weight_decay': 0.0018958594997496498, 'warmup_ratio': 0.0}
[2026-05-28 19:44:08] [run_01_seed_042] epoch=001 | train_loss=0.123741 | val_MAE=0.125403 | val_S=0.874597 | best_S=0.874597 @epoch=1 | patience=0/2
[2026-05-28 19:44:11] [run_01_seed_042] epoch=002 | train_loss=0.122113 | val_MAE=0.125081 | val_S=0.874919 | best_S=0.874919 @epoch=2 | patience=0/2
[2026-05-28 19:44:24] [run_01_seed_042] DONE | best_epoch=2 | best_val_S=0.874919 | test_MAE=0.117661 | test_R2=-0.021114
[2026-05-28 19:44:25] [FINAL] done run_01_seed_042 | test_MAE=0.117661 | test_R2=-0.021114
[2026-05-28 19:44:26] 
================================================================================
Cell | Aggregate statistics, selection, and ensemble
================================================================================
[2026-05-28 19:44:34] 
================================================================================
Cell | Loss diagnostics and overfit/underfit analysis
================================================================================
[2026-05-28 19:44:34] 
================================================================================
Cell | R2 and regression-to-the-mean diagnostics
================================================================================
[2026-05-28 19:44:40] 
================================================================================
Cell | Appendix-ready exports and artifact index
================================================================================
[2026-05-28 19:44:40] Notebook completed successfully.
[2026-05-28 19:44:40] Appendix folder: /workspace/hubert_finetune/outputs_sanity/appendix_ready
[2026-05-28 19:44:40] 
================================================================================
Cell | Sanity-specific final check
================================================================================
[2026-05-28 19:44:40] SANITY TEST PASSED at pipeline-smoke-test level. Before running the main 50-trial notebook, verify runtime config, audio directory, and available GPU storage.
